\documentclass[t]{beamer}
\definecolor{rrblitbackground}{rgb}{0.55, 0.3, 0.1}

\newenvironment{rtbliteral}{

\begin{ttfamily}

\color{rrblitbackground}

}{

\end{ttfamily}

}

\usetheme{Warsaw}

\setbeameroption{hide notes}

% generated by Docutils <http://docutils.sourceforge.net/>
\usepackage{cmap} % fix search and cut-and-paste in Acrobat
\usepackage{ifthen}
\usepackage[T1]{fontenc}
\usepackage[utf8]{inputenc}
\usepackage{graphicx}

%%% Custom LaTeX preamble
% PDF Standard Fonts
\usepackage{mathptmx} % Times
\usepackage[scaled=.90]{helvet}
\usepackage{courier}

%%% User specified packages and stylesheets

%%% Fallback definitions for Docutils-specific commands

% hyperlinks:
\ifthenelse{\isundefined{\hypersetup}}{
  \usepackage[colorlinks=true,linkcolor=blue,urlcolor=blue]{hyperref}
  \usepackage{bookmark}
  \urlstyle{same} % normal text font (alternatives: tt, rm, sf)
}{}

%%% Body
\begin{document}

\begin{frame}[fragile]
\frametitle{Slide 1}


Here is a plot using default settings:

\noindent\makebox[\linewidth][c]{\includegraphics[height=0.75\textheight]{plot.png}}

\end{frame}

\begin{frame}[fragile]
\frametitle{Slide 2}


Here is a centered plot:

\noindent\makebox[\linewidth][c]{\includegraphics[height=0.75\textheight]{plot.png}}

\end{frame}

\begin{frame}[fragile]
\frametitle{Slide 3}


Here is a left-aligned plot:

\noindent{\includegraphics[height=0.75\textheight]{plot.png}\hfill}

\end{frame}

\begin{frame}[fragile]
\frametitle{Slide 4}


Here is a right-aligned plot:

\noindent{\hfill\includegraphics[height=0.75\textheight]{plot.png}}

\end{frame}

\begin{frame}[fragile]
\frametitle{Slide 5}


\noindent\makebox[\linewidth][c]{\includegraphics[height=0.75\textheight]{plot.png}}

\end{frame}

\end{document}
