\documentclass[t]{beamer}
\definecolor{rrblitbackground}{rgb}{0.55, 0.3, 0.1}

\newenvironment{rtbliteral}{

\begin{ttfamily}

\color{rrblitbackground}

}{

\end{ttfamily}

}

\usetheme{Warsaw}

\setbeameroption{hide notes}

% generated by Docutils <http://docutils.sourceforge.net/>
\usepackage{cmap} % fix search and cut-and-paste in Acrobat
\usepackage{ifthen}
\usepackage[T1]{fontenc}
\usepackage[utf8]{inputenc}
\setcounter{secnumdepth}{0}

%%% Custom LaTeX preamble
% PDF Standard Fonts
\usepackage{mathptmx} % Times
\usepackage[scaled=.90]{helvet}
\usepackage{courier}

%%% User specified packages and stylesheets

%%% Fallback definitions for Docutils-specific commands

% hyperlinks:
\ifthenelse{\isundefined{\hypersetup}}{
  \usepackage[colorlinks=true,linkcolor=blue,urlcolor=blue]{hyperref}
  \usepackage{bookmark}
  \urlstyle{same} % normal text font (alternatives: tt, rm, sf)
}{}

%%% Body
\begin{document}


\section{Section 1%
  \label{section-1}%
}


\subsection{Subsection 1.1%
  \label{subsection-1-1}%
}

\begin{frame}[fragile]
\frametitle{Slide 1}

\begin{itemize}[<+-| alert@+>]

\item These slides are in sections and subsections within the document
\begin{itemize}[<+-| alert@+>]

\item Which means all slides must be in a section
\emph{and} subsection! (For sectioning consistency.)

\item You may use a \textquotedbl{}dummy\textquotedbl{} subsection to make a slide appear to be in a
section rather than a subsection.
\end{itemize}
\end{itemize}

\end{frame}


\subsection{Subsection 1.2%
  \label{subsection-1-2}%
}

\begin{frame}[fragile]
\frametitle{Slide 2}


A slide in a new subsection.

\end{frame}


\section{Section 2%
  \label{section-2}%
}


\subsection{Subsection 2.1%
  \label{subsection-2-1}%
}

\begin{frame}[fragile]
\frametitle{Slide 3}


A slide.

\end{frame}

\begin{frame}[fragile]
\frametitle{Slide 4}


A slide.

\end{frame}


\section{Section 3%
  \label{section-3}%
}

\begin{frame}[fragile]
\frametitle{Slide 5}


These next two slides are in a \textquotedbl{}dummy\textquotedbl{} subsection

\end{frame}

\begin{frame}[fragile]
\frametitle{Slide 6}


A slide.

\end{frame}

\end{document}
