\documentclass[t]{beamer}
\definecolor{rrblitbackground}{rgb}{0.55, 0.3, 0.1}

\newenvironment{rtbliteral}{

\begin{ttfamily}

\color{rrblitbackground}

}{

\end{ttfamily}

}

\usetheme{Warsaw}

\setbeameroption{hide notes}

% generated by Docutils <http://docutils.sourceforge.net/>
\usepackage{cmap} % fix search and cut-and-paste in Acrobat
\usepackage{ifthen}
\usepackage[T1]{fontenc}
\usepackage[utf8]{inputenc}

%%% Custom LaTeX preamble
% PDF Standard Fonts
\usepackage{mathptmx} % Times
\usepackage[scaled=.90]{helvet}
\usepackage{courier}

%%% User specified packages and stylesheets

%%% Fallback definitions for Docutils-specific commands

% hyperlinks:
\ifthenelse{\isundefined{\hypersetup}}{
  \usepackage[colorlinks=true,linkcolor=blue,urlcolor=blue]{hyperref}
  \usepackage{bookmark}
  \urlstyle{same} % normal text font (alternatives: tt, rm, sf)
}{}

%%% Body
\begin{document}

\begin{frame}[fragile]
\frametitle{Slide 1}

\begin{itemize}[<+-| alert@+>]

\item it has some bullets

\item bullet 2
\end{itemize}

\end{frame}

\begin{frame}[fragile]
\frametitle{Slide 2}


A second slide

\end{frame}

\end{document}
