\documentclass[t]{beamer}
\definecolor{rrblitbackground}{rgb}{0.55, 0.3, 0.1}

\newenvironment{rtbliteral}{

\begin{ttfamily}

\color{rrblitbackground}

}{

\end{ttfamily}

}

\usetheme{Warsaw}

\setbeameroption{hide notes}

% generated by Docutils <http://docutils.sourceforge.net/>
\usepackage{cmap} % fix search and cut-and-paste in Acrobat
\usepackage{ifthen}
\usepackage[T1]{fontenc}
\usepackage[utf8]{inputenc}
\setcounter{secnumdepth}{0}

%%% Custom LaTeX preamble
% PDF Standard Fonts
\usepackage{mathptmx} % Times
\usepackage[scaled=.90]{helvet}
\usepackage{courier}

%%% User specified packages and stylesheets

%%% Fallback definitions for Docutils-specific commands

% hyperlinks:
\ifthenelse{\isundefined{\hypersetup}}{
  \usepackage[colorlinks=true,linkcolor=blue,urlcolor=blue]{hyperref}
  \usepackage{bookmark}
  \urlstyle{same} % normal text font (alternatives: tt, rm, sf)
}{}
\hypersetup{
  pdftitle={Unicode},
  pdfauthor={Someone;Someone}
}

%%% Body
\begin{document}

% Document title
\title[Unicode]{Unicode%
  \label{unicode}}
\author[Someone, Someone]{Someone}
\date{}
\maketitle


\section{Résumé%
  \label{resume}%
}

\begin{frame}[fragile]
\frametitle{In a bullet}

\begin{itemize}[<+-| alert@+>]

\item A résumé.
\end{itemize}

\end{frame}

\end{document}
